
> 3iatlas-landing@0.1.0 build
> next build

   ▲ Next.js 15.5.4
   - Environments: .env.local

   Creating an optimized production build ...
 ✓ Compiled successfully in 1261ms
   Skipping linting
   Checking validity of types ...
   Collecting page data ...
   Generating static pages (0/3) ...
 ✓ Generating static pages (3/3)
   Finalizing page optimization ...
   Collecting build traces ...

Route (app)                                 Size  First Load JS
┌ ƒ /                                    47.2 kB         149 kB
├ ○ /_not-found                            997 B         102 kB
├ ƒ /api/horizons/ephemeris                124 B         102 kB
└ ƒ /api/horizons/lookup                   124 B         102 kB
+ First Load JS shared by all             101 kB
  ├ chunks/255-4735d258c7c05130.js       45.3 kB
  ├ chunks/4bd1b696-21f374d1156f834a.js  54.2 kB
  └ other shared chunks (total)          1.99 kB


○  (Static)   prerendered as static content
ƒ  (Dynamic)  server-rendered on demand

